// Jest Snapshot v1, https://goo.gl/fbAQLP

exports[`snapshot test 1`] = `
Object {
  "Outputs": Object {
    "LambdaRestApiEndpointCCECE4C1": Object {
      "Value": Object {
        "Fn::Join": Array [
          "",
          Array [
            "https://",
            Object {
              "Ref": "LambdaRestApi95870433",
            },
            ".execute-api.",
            Object {
              "Ref": "AWS::Region",
            },
            ".",
            Object {
              "Ref": "AWS::URLSuffix",
            },
            "/",
            Object {
              "Ref": "LambdaRestApiDeploymentStageprodB1F3862A",
            },
            "/",
          ],
        ],
      },
    },
  },
  "Resources": Object {
    "AuthorizerBD825682": Object {
      "Properties": Object {
        "IdentitySource": "method.request.header.x-ta-token",
        "Name": "TargetAuthorizer3C2C1012",
        "ProviderARNs": Array [
          Object {
            "Fn::ImportValue": "dummyStack:ExportsOutputFnGetAttUserPool6BA7E5F2Arn686ACC00",
          },
        ],
        "RestApiId": Object {
          "Ref": "LambdaRestApi95870433",
        },
        "Type": "COGNITO_USER_POOLS",
      },
      "Type": "AWS::ApiGateway::Authorizer",
    },
    "LambdaD247545B": Object {
      "DependsOn": Array [
        "LambdaServiceRoleDefaultPolicyDAE46E21",
        "LambdaServiceRoleA8ED4D3B",
      ],
      "Properties": Object {
        "Code": Object {
          "S3Bucket": Object {
            "Fn::Sub": "cdk-hnb659fds-assets-\${AWS::AccountId}-\${AWS::Region}",
          },
          "S3Key": "6f35d659e3253e19cd78904d5b2403e0e4e8e4d4df338ad1e4cdd9027b9286af.zip",
        },
        "Environment": Object {
          "Variables": Object {
            "AWS_NODEJS_CONNECTION_REUSE_ENABLED": "1",
            "DATABASE_ENDPOINT": "test-proxyEndpoint",
            "NODE_ENV": "production",
            "SECRET_NAME": Object {
              "Fn::Join": Array [
                "-",
                Array [
                  Object {
                    "Fn::Select": Array [
                      0,
                      Object {
                        "Fn::Split": Array [
                          "-",
                          Object {
                            "Fn::Select": Array [
                              6,
                              Object {
                                "Fn::Split": Array [
                                  ":",
                                  Object {
                                    "Fn::ImportValue": "dummyStack:ExportsOutputRefSecretA720EF052D953DED",
                                  },
                                ],
                              },
                            ],
                          },
                        ],
                      },
                    ],
                  },
                  Object {
                    "Fn::Select": Array [
                      1,
                      Object {
                        "Fn::Split": Array [
                          "-",
                          Object {
                            "Fn::Select": Array [
                              6,
                              Object {
                                "Fn::Split": Array [
                                  ":",
                                  Object {
                                    "Fn::ImportValue": "dummyStack:ExportsOutputRefSecretA720EF052D953DED",
                                  },
                                ],
                              },
                            ],
                          },
                        ],
                      },
                    ],
                  },
                ],
              ],
            },
          },
        },
        "Handler": "index.handler",
        "Role": Object {
          "Fn::GetAtt": Array [
            "LambdaServiceRoleA8ED4D3B",
            "Arn",
          ],
        },
        "Runtime": "nodejs14.x",
        "Timeout": 10,
        "VpcConfig": Object {
          "SecurityGroupIds": Array [
            Object {
              "Fn::ImportValue": "dummyStack:ExportsOutputFnGetAttSecurityGroupDD263621GroupIdDF6F8B09",
            },
          ],
          "SubnetIds": Array [
            Object {
              "Fn::ImportValue": "dummyStack:ExportsOutputRefVpcPrivateSubnet1Subnet536B997AFD4CC940",
            },
            Object {
              "Fn::ImportValue": "dummyStack:ExportsOutputRefVpcPrivateSubnet2Subnet3788AAA1380949A3",
            },
          ],
        },
      },
      "Type": "AWS::Lambda::Function",
    },
    "LambdaRestApi95870433": Object {
      "Properties": Object {
        "Name": "LambdaRestApi",
      },
      "Type": "AWS::ApiGateway::RestApi",
    },
    "LambdaRestApiANYA831AD87": Object {
      "Properties": Object {
        "AuthorizationType": "COGNITO_USER_POOLS",
        "AuthorizerId": Object {
          "Ref": "AuthorizerBD825682",
        },
        "HttpMethod": "ANY",
        "Integration": Object {
          "IntegrationHttpMethod": "POST",
          "Type": "AWS_PROXY",
          "Uri": Object {
            "Fn::Join": Array [
              "",
              Array [
                "arn:",
                Object {
                  "Ref": "AWS::Partition",
                },
                ":apigateway:",
                Object {
                  "Ref": "AWS::Region",
                },
                ":lambda:path/2015-03-31/functions/",
                Object {
                  "Fn::GetAtt": Array [
                    "LambdaD247545B",
                    "Arn",
                  ],
                },
                "/invocations",
              ],
            ],
          },
        },
        "ResourceId": Object {
          "Fn::GetAtt": Array [
            "LambdaRestApi95870433",
            "RootResourceId",
          ],
        },
        "RestApiId": Object {
          "Ref": "LambdaRestApi95870433",
        },
      },
      "Type": "AWS::ApiGateway::Method",
    },
    "LambdaRestApiANYApiPermissionTargetLambdaRestApi81A2F2B0ANY2BD7F2B8": Object {
      "Properties": Object {
        "Action": "lambda:InvokeFunction",
        "FunctionName": Object {
          "Fn::GetAtt": Array [
            "LambdaD247545B",
            "Arn",
          ],
        },
        "Principal": "apigateway.amazonaws.com",
        "SourceArn": Object {
          "Fn::Join": Array [
            "",
            Array [
              "arn:",
              Object {
                "Ref": "AWS::Partition",
              },
              ":execute-api:",
              Object {
                "Ref": "AWS::Region",
              },
              ":",
              Object {
                "Ref": "AWS::AccountId",
              },
              ":",
              Object {
                "Ref": "LambdaRestApi95870433",
              },
              "/",
              Object {
                "Ref": "LambdaRestApiDeploymentStageprodB1F3862A",
              },
              "/*/",
            ],
          ],
        },
      },
      "Type": "AWS::Lambda::Permission",
    },
    "LambdaRestApiANYApiPermissionTestTargetLambdaRestApi81A2F2B0ANYA8AAF81D": Object {
      "Properties": Object {
        "Action": "lambda:InvokeFunction",
        "FunctionName": Object {
          "Fn::GetAtt": Array [
            "LambdaD247545B",
            "Arn",
          ],
        },
        "Principal": "apigateway.amazonaws.com",
        "SourceArn": Object {
          "Fn::Join": Array [
            "",
            Array [
              "arn:",
              Object {
                "Ref": "AWS::Partition",
              },
              ":execute-api:",
              Object {
                "Ref": "AWS::Region",
              },
              ":",
              Object {
                "Ref": "AWS::AccountId",
              },
              ":",
              Object {
                "Ref": "LambdaRestApi95870433",
              },
              "/test-invoke-stage/*/",
            ],
          ],
        },
      },
      "Type": "AWS::Lambda::Permission",
    },
    "LambdaRestApiAccount8249E005": Object {
      "DependsOn": Array [
        "LambdaRestApi95870433",
      ],
      "Properties": Object {
        "CloudWatchRoleArn": Object {
          "Fn::GetAtt": Array [
            "LambdaRestApiCloudWatchRole0992F076",
            "Arn",
          ],
        },
      },
      "Type": "AWS::ApiGateway::Account",
    },
    "LambdaRestApiCloudWatchRole0992F076": Object {
      "Properties": Object {
        "AssumeRolePolicyDocument": Object {
          "Statement": Array [
            Object {
              "Action": "sts:AssumeRole",
              "Effect": "Allow",
              "Principal": Object {
                "Service": "apigateway.amazonaws.com",
              },
            },
          ],
          "Version": "2012-10-17",
        },
        "ManagedPolicyArns": Array [
          Object {
            "Fn::Join": Array [
              "",
              Array [
                "arn:",
                Object {
                  "Ref": "AWS::Partition",
                },
                ":iam::aws:policy/service-role/AmazonAPIGatewayPushToCloudWatchLogs",
              ],
            ],
          },
        ],
      },
      "Type": "AWS::IAM::Role",
    },
    "LambdaRestApiDeploymentBA6405787faa1a3d290728cb9c0f190fc2082e92": Object {
      "DependsOn": Array [
        "LambdaRestApiproxyANY93D43CC0",
        "LambdaRestApiproxy9F99E187",
        "LambdaRestApiANYA831AD87",
      ],
      "Properties": Object {
        "Description": "Automatically created by the RestApi construct",
        "RestApiId": Object {
          "Ref": "LambdaRestApi95870433",
        },
      },
      "Type": "AWS::ApiGateway::Deployment",
    },
    "LambdaRestApiDeploymentStageprodB1F3862A": Object {
      "Properties": Object {
        "DeploymentId": Object {
          "Ref": "LambdaRestApiDeploymentBA6405787faa1a3d290728cb9c0f190fc2082e92",
        },
        "MethodSettings": Array [
          Object {
            "DataTraceEnabled": true,
            "HttpMethod": "*",
            "LoggingLevel": "INFO",
            "MetricsEnabled": true,
            "ResourcePath": "/*",
          },
        ],
        "RestApiId": Object {
          "Ref": "LambdaRestApi95870433",
        },
        "StageName": "prod",
        "TracingEnabled": true,
      },
      "Type": "AWS::ApiGateway::Stage",
    },
    "LambdaRestApiproxy9F99E187": Object {
      "Properties": Object {
        "ParentId": Object {
          "Fn::GetAtt": Array [
            "LambdaRestApi95870433",
            "RootResourceId",
          ],
        },
        "PathPart": "{proxy+}",
        "RestApiId": Object {
          "Ref": "LambdaRestApi95870433",
        },
      },
      "Type": "AWS::ApiGateway::Resource",
    },
    "LambdaRestApiproxyANY93D43CC0": Object {
      "Properties": Object {
        "AuthorizationType": "COGNITO_USER_POOLS",
        "AuthorizerId": Object {
          "Ref": "AuthorizerBD825682",
        },
        "HttpMethod": "ANY",
        "Integration": Object {
          "IntegrationHttpMethod": "POST",
          "Type": "AWS_PROXY",
          "Uri": Object {
            "Fn::Join": Array [
              "",
              Array [
                "arn:",
                Object {
                  "Ref": "AWS::Partition",
                },
                ":apigateway:",
                Object {
                  "Ref": "AWS::Region",
                },
                ":lambda:path/2015-03-31/functions/",
                Object {
                  "Fn::GetAtt": Array [
                    "LambdaD247545B",
                    "Arn",
                  ],
                },
                "/invocations",
              ],
            ],
          },
        },
        "ResourceId": Object {
          "Ref": "LambdaRestApiproxy9F99E187",
        },
        "RestApiId": Object {
          "Ref": "LambdaRestApi95870433",
        },
      },
      "Type": "AWS::ApiGateway::Method",
    },
    "LambdaRestApiproxyANYApiPermissionTargetLambdaRestApi81A2F2B0ANYproxy24529FC0": Object {
      "Properties": Object {
        "Action": "lambda:InvokeFunction",
        "FunctionName": Object {
          "Fn::GetAtt": Array [
            "LambdaD247545B",
            "Arn",
          ],
        },
        "Principal": "apigateway.amazonaws.com",
        "SourceArn": Object {
          "Fn::Join": Array [
            "",
            Array [
              "arn:",
              Object {
                "Ref": "AWS::Partition",
              },
              ":execute-api:",
              Object {
                "Ref": "AWS::Region",
              },
              ":",
              Object {
                "Ref": "AWS::AccountId",
              },
              ":",
              Object {
                "Ref": "LambdaRestApi95870433",
              },
              "/",
              Object {
                "Ref": "LambdaRestApiDeploymentStageprodB1F3862A",
              },
              "/*/*",
            ],
          ],
        },
      },
      "Type": "AWS::Lambda::Permission",
    },
    "LambdaRestApiproxyANYApiPermissionTestTargetLambdaRestApi81A2F2B0ANYproxy80D2A0DA": Object {
      "Properties": Object {
        "Action": "lambda:InvokeFunction",
        "FunctionName": Object {
          "Fn::GetAtt": Array [
            "LambdaD247545B",
            "Arn",
          ],
        },
        "Principal": "apigateway.amazonaws.com",
        "SourceArn": Object {
          "Fn::Join": Array [
            "",
            Array [
              "arn:",
              Object {
                "Ref": "AWS::Partition",
              },
              ":execute-api:",
              Object {
                "Ref": "AWS::Region",
              },
              ":",
              Object {
                "Ref": "AWS::AccountId",
              },
              ":",
              Object {
                "Ref": "LambdaRestApi95870433",
              },
              "/test-invoke-stage/*/*",
            ],
          ],
        },
      },
      "Type": "AWS::Lambda::Permission",
    },
    "LambdaServiceRoleA8ED4D3B": Object {
      "Properties": Object {
        "AssumeRolePolicyDocument": Object {
          "Statement": Array [
            Object {
              "Action": "sts:AssumeRole",
              "Effect": "Allow",
              "Principal": Object {
                "Service": "lambda.amazonaws.com",
              },
            },
          ],
          "Version": "2012-10-17",
        },
        "ManagedPolicyArns": Array [
          Object {
            "Fn::Join": Array [
              "",
              Array [
                "arn:",
                Object {
                  "Ref": "AWS::Partition",
                },
                ":iam::aws:policy/service-role/AWSLambdaBasicExecutionRole",
              ],
            ],
          },
          Object {
            "Fn::Join": Array [
              "",
              Array [
                "arn:",
                Object {
                  "Ref": "AWS::Partition",
                },
                ":iam::aws:policy/service-role/AWSLambdaVPCAccessExecutionRole",
              ],
            ],
          },
        ],
      },
      "Type": "AWS::IAM::Role",
    },
    "LambdaServiceRoleDefaultPolicyDAE46E21": Object {
      "Properties": Object {
        "PolicyDocument": Object {
          "Statement": Array [
            Object {
              "Action": Array [
                "secretsmanager:GetSecretValue",
                "secretsmanager:DescribeSecret",
              ],
              "Effect": "Allow",
              "Resource": Object {
                "Fn::ImportValue": "dummyStack:ExportsOutputRefSecretA720EF052D953DED",
              },
            },
          ],
          "Version": "2012-10-17",
        },
        "PolicyName": "LambdaServiceRoleDefaultPolicyDAE46E21",
        "Roles": Array [
          Object {
            "Ref": "LambdaServiceRoleA8ED4D3B",
          },
        ],
      },
      "Type": "AWS::IAM::Policy",
    },
  },
}
`;
