// Jest Snapshot v1, https://goo.gl/fbAQLP

exports[`snapshot test 1`] = `
Object {
  "Parameters": Object {
    "SsmParameterValueawsserviceamiamazonlinuxlatestamzn2amihvmx8664gp2C96584B6F00A464EAD1953AFF4B05118Parameter": Object {
      "Default": "/aws/service/ami-amazon-linux-latest/amzn2-ami-hvm-x86_64-gp2",
      "Type": "AWS::SSM::Parameter::Value<AWS::EC2::Image::Id>",
    },
  },
  "Resources": Object {
    "Bastion2B4CEC30": Object {
      "DependsOn": Array [
        "BastionInstanceRoleDefaultPolicy17DE6607",
        "BastionInstanceRole74940209",
      ],
      "Properties": Object {
        "AvailabilityZone": Object {
          "Fn::Select": Array [
            0,
            Object {
              "Fn::GetAZs": "",
            },
          ],
        },
        "IamInstanceProfile": Object {
          "Ref": "BastionInstanceProfile95B62D1E",
        },
        "ImageId": Object {
          "Ref": "SsmParameterValueawsserviceamiamazonlinuxlatestamzn2amihvmx8664gp2C96584B6F00A464EAD1953AFF4B05118Parameter",
        },
        "InstanceType": "t2.micro",
        "SecurityGroupIds": Array [
          Object {
            "Fn::GetAtt": Array [
              "BastionInstanceSecurityGroupE5DDECA1",
              "GroupId",
            ],
          },
          Object {
            "Fn::ImportValue": "dummyStack:ExportsOutputFnGetAttSecurityGroupDD263621GroupIdDF6F8B09",
          },
        ],
        "SubnetId": Object {
          "Fn::ImportValue": "dummyStack:ExportsOutputRefVpcapplicationSubnet1Subnet8B68205B1F66BB2C",
        },
        "Tags": Array [
          Object {
            "Key": "Name",
            "Value": "Target/Bastion",
          },
        ],
        "UserData": Object {
          "Fn::Base64": "#!/bin/bash",
        },
      },
      "Type": "AWS::EC2::Instance",
    },
    "BastionInstanceProfile95B62D1E": Object {
      "Properties": Object {
        "Roles": Array [
          Object {
            "Ref": "BastionInstanceRole74940209",
          },
        ],
      },
      "Type": "AWS::IAM::InstanceProfile",
    },
    "BastionInstanceRole74940209": Object {
      "Properties": Object {
        "AssumeRolePolicyDocument": Object {
          "Statement": Array [
            Object {
              "Action": "sts:AssumeRole",
              "Effect": "Allow",
              "Principal": Object {
                "Service": Object {
                  "Fn::Join": Array [
                    "",
                    Array [
                      "ec2.",
                      Object {
                        "Ref": "AWS::URLSuffix",
                      },
                    ],
                  ],
                },
              },
            },
          ],
          "Version": "2012-10-17",
        },
        "Tags": Array [
          Object {
            "Key": "Name",
            "Value": "Target/Bastion",
          },
        ],
      },
      "Type": "AWS::IAM::Role",
    },
    "BastionInstanceRoleDefaultPolicy17DE6607": Object {
      "Properties": Object {
        "PolicyDocument": Object {
          "Statement": Array [
            Object {
              "Action": Array [
                "ssm:UpdateInstanceInformation",
                "ssmmessages:CreateControlChannel",
                "ssmmessages:CreateDataChannel",
                "ssmmessages:OpenControlChannel",
                "ssmmessages:OpenDataChannel",
              ],
              "Effect": "Allow",
              "Resource": "*",
            },
            Object {
              "Action": "s3:GetEncryptionConfiguration",
              "Effect": "Allow",
              "Resource": "*",
            },
          ],
          "Version": "2012-10-17",
        },
        "PolicyName": "BastionInstanceRoleDefaultPolicy17DE6607",
        "Roles": Array [
          Object {
            "Ref": "BastionInstanceRole74940209",
          },
        ],
      },
      "Type": "AWS::IAM::Policy",
    },
    "BastionInstanceSecurityGroupE5DDECA1": Object {
      "Properties": Object {
        "GroupDescription": "Target/Bastion/InstanceSecurityGroup",
        "SecurityGroupEgress": Array [
          Object {
            "CidrIp": "0.0.0.0/0",
            "Description": "Allow all outbound traffic by default",
            "IpProtocol": "-1",
          },
        ],
        "Tags": Array [
          Object {
            "Key": "Name",
            "Value": "Target/Bastion",
          },
        ],
        "VpcId": Object {
          "Fn::ImportValue": "dummyStack:ExportsOutputRefVpc8378EB38272D6E3A",
        },
      },
      "Type": "AWS::EC2::SecurityGroup",
    },
  },
}
`;
