// Jest Snapshot v1, https://goo.gl/fbAQLP

exports[`snapshot test 1`] = `
Object {
  "Resources": Object {
    "SecretManagerVpcEndpoint708CAAF9": Object {
      "Properties": Object {
        "PrivateDnsEnabled": true,
        "SecurityGroupIds": Array [
          Object {
            "Fn::GetAtt": Array [
              "SecretManagerVpcEndpointSecurityGroupB2F67559",
              "GroupId",
            ],
          },
        ],
        "ServiceName": "com.amazonaws.ap-northeast-1.secretsmanager",
        "SubnetIds": Array [
          Object {
            "Ref": "VpcapplicationSubnet1Subnet8B68205B",
          },
          Object {
            "Ref": "VpcapplicationSubnet2Subnet29670962",
          },
        ],
        "VpcEndpointType": "Interface",
        "VpcId": Object {
          "Ref": "Vpc8378EB38",
        },
      },
      "Type": "AWS::EC2::VPCEndpoint",
    },
    "SecretManagerVpcEndpointSecurityGroupB2F67559": Object {
      "Properties": Object {
        "GroupDescription": "Target/SecretManagerVpcEndpoint/SecurityGroup",
        "SecurityGroupEgress": Array [
          Object {
            "CidrIp": "0.0.0.0/0",
            "Description": "Allow all outbound traffic by default",
            "IpProtocol": "-1",
          },
        ],
        "SecurityGroupIngress": Array [
          Object {
            "CidrIp": Object {
              "Fn::GetAtt": Array [
                "Vpc8378EB38",
                "CidrBlock",
              ],
            },
            "Description": Object {
              "Fn::Join": Array [
                "",
                Array [
                  "from ",
                  Object {
                    "Fn::GetAtt": Array [
                      "Vpc8378EB38",
                      "CidrBlock",
                    ],
                  },
                  ":443",
                ],
              ],
            },
            "FromPort": 443,
            "IpProtocol": "tcp",
            "ToPort": 443,
          },
        ],
        "VpcId": Object {
          "Ref": "Vpc8378EB38",
        },
      },
      "Type": "AWS::EC2::SecurityGroup",
    },
    "Vpc8378EB38": Object {
      "Properties": Object {
        "CidrBlock": "10.0.0.0/16",
        "EnableDnsHostnames": true,
        "EnableDnsSupport": true,
        "InstanceTenancy": "default",
        "Tags": Array [
          Object {
            "Key": "Name",
            "Value": "Target/Vpc",
          },
        ],
      },
      "Type": "AWS::EC2::VPC",
    },
    "VpcapplicationSubnet1RouteTableAssociation75D5245D": Object {
      "Properties": Object {
        "RouteTableId": Object {
          "Ref": "VpcapplicationSubnet1RouteTableF03E8296",
        },
        "SubnetId": Object {
          "Ref": "VpcapplicationSubnet1Subnet8B68205B",
        },
      },
      "Type": "AWS::EC2::SubnetRouteTableAssociation",
    },
    "VpcapplicationSubnet1RouteTableF03E8296": Object {
      "Properties": Object {
        "Tags": Array [
          Object {
            "Key": "Name",
            "Value": "Target/Vpc/applicationSubnet1",
          },
        ],
        "VpcId": Object {
          "Ref": "Vpc8378EB38",
        },
      },
      "Type": "AWS::EC2::RouteTable",
    },
    "VpcapplicationSubnet1Subnet8B68205B": Object {
      "Properties": Object {
        "AvailabilityZone": "dummy1a",
        "CidrBlock": "10.0.0.0/24",
        "MapPublicIpOnLaunch": false,
        "Tags": Array [
          Object {
            "Key": "aws-cdk:subnet-name",
            "Value": "application",
          },
          Object {
            "Key": "aws-cdk:subnet-type",
            "Value": "Isolated",
          },
          Object {
            "Key": "Name",
            "Value": "Target/Vpc/applicationSubnet1",
          },
        ],
        "VpcId": Object {
          "Ref": "Vpc8378EB38",
        },
      },
      "Type": "AWS::EC2::Subnet",
    },
    "VpcapplicationSubnet2RouteTable17378AED": Object {
      "Properties": Object {
        "Tags": Array [
          Object {
            "Key": "Name",
            "Value": "Target/Vpc/applicationSubnet2",
          },
        ],
        "VpcId": Object {
          "Ref": "Vpc8378EB38",
        },
      },
      "Type": "AWS::EC2::RouteTable",
    },
    "VpcapplicationSubnet2RouteTableAssociationF25110CC": Object {
      "Properties": Object {
        "RouteTableId": Object {
          "Ref": "VpcapplicationSubnet2RouteTable17378AED",
        },
        "SubnetId": Object {
          "Ref": "VpcapplicationSubnet2Subnet29670962",
        },
      },
      "Type": "AWS::EC2::SubnetRouteTableAssociation",
    },
    "VpcapplicationSubnet2Subnet29670962": Object {
      "Properties": Object {
        "AvailabilityZone": "dummy1b",
        "CidrBlock": "10.0.1.0/24",
        "MapPublicIpOnLaunch": false,
        "Tags": Array [
          Object {
            "Key": "aws-cdk:subnet-name",
            "Value": "application",
          },
          Object {
            "Key": "aws-cdk:subnet-type",
            "Value": "Isolated",
          },
          Object {
            "Key": "Name",
            "Value": "Target/Vpc/applicationSubnet2",
          },
        ],
        "VpcId": Object {
          "Ref": "Vpc8378EB38",
        },
      },
      "Type": "AWS::EC2::Subnet",
    },
    "VpcrdsSubnet1RouteTableAssociationE01668F2": Object {
      "Properties": Object {
        "RouteTableId": Object {
          "Ref": "VpcrdsSubnet1RouteTableE62E4ED6",
        },
        "SubnetId": Object {
          "Ref": "VpcrdsSubnet1SubnetC2926CEA",
        },
      },
      "Type": "AWS::EC2::SubnetRouteTableAssociation",
    },
    "VpcrdsSubnet1RouteTableE62E4ED6": Object {
      "Properties": Object {
        "Tags": Array [
          Object {
            "Key": "Name",
            "Value": "Target/Vpc/rdsSubnet1",
          },
        ],
        "VpcId": Object {
          "Ref": "Vpc8378EB38",
        },
      },
      "Type": "AWS::EC2::RouteTable",
    },
    "VpcrdsSubnet1SubnetC2926CEA": Object {
      "Properties": Object {
        "AvailabilityZone": "dummy1a",
        "CidrBlock": "10.0.2.0/28",
        "MapPublicIpOnLaunch": false,
        "Tags": Array [
          Object {
            "Key": "aws-cdk:subnet-name",
            "Value": "rds",
          },
          Object {
            "Key": "aws-cdk:subnet-type",
            "Value": "Isolated",
          },
          Object {
            "Key": "Name",
            "Value": "Target/Vpc/rdsSubnet1",
          },
        ],
        "VpcId": Object {
          "Ref": "Vpc8378EB38",
        },
      },
      "Type": "AWS::EC2::Subnet",
    },
    "VpcrdsSubnet2RouteTable3E531D9B": Object {
      "Properties": Object {
        "Tags": Array [
          Object {
            "Key": "Name",
            "Value": "Target/Vpc/rdsSubnet2",
          },
        ],
        "VpcId": Object {
          "Ref": "Vpc8378EB38",
        },
      },
      "Type": "AWS::EC2::RouteTable",
    },
    "VpcrdsSubnet2RouteTableAssociation25A7BD68": Object {
      "Properties": Object {
        "RouteTableId": Object {
          "Ref": "VpcrdsSubnet2RouteTable3E531D9B",
        },
        "SubnetId": Object {
          "Ref": "VpcrdsSubnet2Subnet70A835C8",
        },
      },
      "Type": "AWS::EC2::SubnetRouteTableAssociation",
    },
    "VpcrdsSubnet2Subnet70A835C8": Object {
      "Properties": Object {
        "AvailabilityZone": "dummy1b",
        "CidrBlock": "10.0.2.16/28",
        "MapPublicIpOnLaunch": false,
        "Tags": Array [
          Object {
            "Key": "aws-cdk:subnet-name",
            "Value": "rds",
          },
          Object {
            "Key": "aws-cdk:subnet-type",
            "Value": "Isolated",
          },
          Object {
            "Key": "Name",
            "Value": "Target/Vpc/rdsSubnet2",
          },
        ],
        "VpcId": Object {
          "Ref": "Vpc8378EB38",
        },
      },
      "Type": "AWS::EC2::Subnet",
    },
  },
}
`;
